.next/dev/types/app/supervisor/manual-attendance/page.ts(2,24): error TS2307: Cannot find module '../../../../../../src/app/supervisor/manual-attendance/page.js' or its corresponding type declarations.
.next/dev/types/app/supervisor/manual-attendance/page.ts(7,29): error TS2307: Cannot find module '../../../../../../src/app/supervisor/manual-attendance/page.js' or its corresponding type declarations.
